// Jest Snapshot v1, https://goo.gl/fbAQLP

exports[`<Controls /> should match snapshot 1`] = `[Function]`;
